Gnuplot not found, using plotters backend
Benchmarking epoch_pool/intrusive/1w
Benchmarking epoch_pool/intrusive/1w: Warming up for 500.00 ms
Benchmarking epoch_pool/intrusive/1w: Collecting 20 samples in estimated 1.0242 s (420 iterations)
Benchmarking epoch_pool/intrusive/1w: Analyzing
epoch_pool/intrusive/1w time:   [2.3838 ms 2.4177 ms 2.4602 ms]
                        thrpt:  [4.0646 Melem/s 4.1362 Melem/s 4.1949 Melem/s]
Found 3 outliers among 20 measurements (15.00%)
  2 (10.00%) high mild
  1 (5.00%) high severe
Benchmarking epoch_pool/value_stack/1w
Benchmarking epoch_pool/value_stack/1w: Warming up for 500.00 ms
Benchmarking epoch_pool/value_stack/1w: Collecting 20 samples in estimated 1.1594 s (1050 iterations)
Benchmarking epoch_pool/value_stack/1w: Analyzing
epoch_pool/value_stack/1w
                        time:   [1.0648 ms 1.0779 ms 1.0934 ms]
                        thrpt:  [9.1456 Melem/s 9.2769 Melem/s 9.3917 Melem/s]
Found 2 outliers among 20 measurements (10.00%)
  1 (5.00%) high mild
  1 (5.00%) high severe
Benchmarking epoch_pool/mutex_vec/1w
Benchmarking epoch_pool/mutex_vec/1w: Warming up for 500.00 ms
Benchmarking epoch_pool/mutex_vec/1w: Collecting 20 samples in estimated 1.0717 s (1890 iterations)
Benchmarking epoch_pool/mutex_vec/1w: Analyzing
epoch_pool/mutex_vec/1w time:   [536.46 µs 551.00 µs 565.41 µs]
                        thrpt:  [17.686 Melem/s 18.149 Melem/s 18.641 Melem/s]
Found 1 outliers among 20 measurements (5.00%)
  1 (5.00%) high mild
Benchmarking epoch_pool/intrusive/4w
Benchmarking epoch_pool/intrusive/4w: Warming up for 500.00 ms
Benchmarking epoch_pool/intrusive/4w: Collecting 20 samples in estimated 1.0852 s (80 iterations)
Benchmarking epoch_pool/intrusive/4w: Analyzing
epoch_pool/intrusive/4w time:   [17.873 ms 21.167 ms 24.480 ms]
                        thrpt:  [1.6340 Melem/s 1.8897 Melem/s 2.2380 Melem/s]
Benchmarking epoch_pool/value_stack/4w
Benchmarking epoch_pool/value_stack/4w: Warming up for 500.00 ms
Benchmarking epoch_pool/value_stack/4w: Collecting 20 samples in estimated 1.7010 s (420 iterations)
Benchmarking epoch_pool/value_stack/4w: Analyzing
epoch_pool/value_stack/4w
                        time:   [3.0408 ms 3.2092 ms 3.4425 ms]
                        thrpt:  [11.620 Melem/s 12.464 Melem/s 13.154 Melem/s]
Benchmarking epoch_pool/mutex_vec/4w
Benchmarking epoch_pool/mutex_vec/4w: Warming up for 500.00 ms

Warning: Unable to complete 20 samples in 1.0s. You may wish to increase target time to 1.3s, enable flat sampling, or reduce sample count to 10.
Benchmarking epoch_pool/mutex_vec/4w: Collecting 20 samples in estimated 1.2729 s (210 iterations)
Benchmarking epoch_pool/mutex_vec/4w: Analyzing
epoch_pool/mutex_vec/4w time:   [5.3923 ms 5.6357 ms 6.0578 ms]
                        thrpt:  [6.6031 Melem/s 7.0976 Melem/s 7.4180 Melem/s]
Benchmarking epoch_pool/intrusive/8w
Benchmarking epoch_pool/intrusive/8w: Warming up for 500.00 ms
Benchmarking epoch_pool/intrusive/8w: Collecting 20 samples in estimated 1.1087 s (40 iterations)
Benchmarking epoch_pool/intrusive/8w: Analyzing
epoch_pool/intrusive/8w time:   [23.532 ms 28.505 ms 33.884 ms]
                        thrpt:  [2.3610 Melem/s 2.8065 Melem/s 3.3996 Melem/s]
Benchmarking epoch_pool/value_stack/8w
Benchmarking epoch_pool/value_stack/8w: Warming up for 500.00 ms

Warning: Unable to complete 20 samples in 1.0s. You may wish to increase target time to 1.8s, enable flat sampling, or reduce sample count to 10.
Benchmarking epoch_pool/value_stack/8w: Collecting 20 samples in estimated 1.8223 s (210 iterations)
Benchmarking epoch_pool/value_stack/8w: Analyzing
epoch_pool/value_stack/8w
                        time:   [7.6043 ms 7.7863 ms 7.9743 ms]
                        thrpt:  [10.032 Melem/s 10.275 Melem/s 10.520 Melem/s]
Found 2 outliers among 20 measurements (10.00%)
  1 (5.00%) high mild
  1 (5.00%) high severe
Benchmarking epoch_pool/mutex_vec/8w
Benchmarking epoch_pool/mutex_vec/8w: Warming up for 500.00 ms
Benchmarking epoch_pool/mutex_vec/8w: Collecting 20 samples in estimated 1.2153 s (100 iterations)
Benchmarking epoch_pool/mutex_vec/8w: Analyzing
epoch_pool/mutex_vec/8w time:   [11.907 ms 12.619 ms 13.434 ms]
                        thrpt:  [5.9552 Melem/s 6.3397 Melem/s 6.7190 Melem/s]
Found 2 outliers among 20 measurements (10.00%)
  2 (10.00%) high mild

Benchmarking epoch_transfer/intrusive/1p_1c
Benchmarking epoch_transfer/intrusive/1p_1c: Warming up for 500.00 ms
Benchmarking epoch_transfer/intrusive/1p_1c: Collecting 20 samples in estimated 1.0112 s (630 iterations)
Benchmarking epoch_transfer/intrusive/1p_1c: Analyzing
epoch_transfer/intrusive/1p_1c
                        time:   [1.5501 ms 1.5749 ms 1.6013 ms]
                        thrpt:  [6.2448 Melem/s 6.3495 Melem/s 6.4510 Melem/s]
Found 1 outliers among 20 measurements (5.00%)
  1 (5.00%) low mild
Benchmarking epoch_transfer/value_stack/1p_1c
Benchmarking epoch_transfer/value_stack/1p_1c: Warming up for 500.00 ms
Benchmarking epoch_transfer/value_stack/1p_1c: Collecting 20 samples in estimated 1.4277 s (630 iterations)
Benchmarking epoch_transfer/value_stack/1p_1c: Analyzing
epoch_transfer/value_stack/1p_1c
                        time:   [1.9662 ms 2.0740 ms 2.2311 ms]
                        thrpt:  [4.4820 Melem/s 4.8216 Melem/s 5.0859 Melem/s]
Benchmarking epoch_transfer/mutex_vec/1p_1c
Benchmarking epoch_transfer/mutex_vec/1p_1c: Warming up for 500.00 ms
Benchmarking epoch_transfer/mutex_vec/1p_1c: Collecting 20 samples in estimated 1.0796 s (840 iterations)
Benchmarking epoch_transfer/mutex_vec/1p_1c: Analyzing
epoch_transfer/mutex_vec/1p_1c
                        time:   [1.2995 ms 1.3414 ms 1.3958 ms]
                        thrpt:  [7.1644 Melem/s 7.4549 Melem/s 7.6952 Melem/s]
Benchmarking epoch_transfer/intrusive/4p_4c
Benchmarking epoch_transfer/intrusive/4p_4c: Warming up for 500.00 ms

Warning: Unable to complete 20 samples in 1.0s. You may wish to increase target time to 1.4s, enable flat sampling, or reduce sample count to 10.
Benchmarking epoch_transfer/intrusive/4p_4c: Collecting 20 samples in estimated 1.3526 s (210 iterations)
Benchmarking epoch_transfer/intrusive/4p_4c: Analyzing
epoch_transfer/intrusive/4p_4c
                        time:   [4.8844 ms 5.1190 ms 5.4286 ms]
                        thrpt:  [7.3684 Melem/s 7.8140 Melem/s 8.1894 Melem/s]
Found 1 outliers among 20 measurements (5.00%)
  1 (5.00%) high severe
Benchmarking epoch_transfer/value_stack/4p_4c
Benchmarking epoch_transfer/value_stack/4p_4c: Warming up for 500.00 ms

Warning: Unable to complete 20 samples in 1.0s. You may wish to increase target time to 1.1s, enable flat sampling, or reduce sample count to 10.
Benchmarking epoch_transfer/value_stack/4p_4c: Collecting 20 samples in estimated 1.1436 s (210 iterations)
Benchmarking epoch_transfer/value_stack/4p_4c: Analyzing
epoch_transfer/value_stack/4p_4c
                        time:   [5.0673 ms 5.1527 ms 5.2423 ms]
                        thrpt:  [7.6302 Melem/s 7.7630 Melem/s 7.8938 Melem/s]
Found 2 outliers among 20 measurements (10.00%)
  1 (5.00%) low mild
  1 (5.00%) high mild
Benchmarking epoch_transfer/mutex_vec/4p_4c
Benchmarking epoch_transfer/mutex_vec/4p_4c: Warming up for 500.00 ms

Warning: Unable to complete 20 samples in 1.0s. You may wish to increase target time to 1.7s, enable flat sampling, or reduce sample count to 10.
Benchmarking epoch_transfer/mutex_vec/4p_4c: Collecting 20 samples in estimated 1.7437 s (210 iterations)
Benchmarking epoch_transfer/mutex_vec/4p_4c: Analyzing
epoch_transfer/mutex_vec/4p_4c
                        time:   [8.5040 ms 8.8890 ms 9.4388 ms]
                        thrpt:  [4.2378 Melem/s 4.4999 Melem/s 4.7037 Melem/s]
Found 2 outliers among 20 measurements (10.00%)
  1 (5.00%) low mild
  1 (5.00%) high severe
Benchmarking epoch_transfer/intrusive/8p_8c
Benchmarking epoch_transfer/intrusive/8p_8c: Warming up for 500.00 ms
Benchmarking epoch_transfer/intrusive/8p_8c: Collecting 20 samples in estimated 1.0831 s (100 iterations)
Benchmarking epoch_transfer/intrusive/8p_8c: Analyzing
epoch_transfer/intrusive/8p_8c
                        time:   [10.682 ms 12.163 ms 13.787 ms]
                        thrpt:  [5.8026 Melem/s 6.5775 Melem/s 7.4890 Melem/s]
Benchmarking epoch_transfer/value_stack/8p_8c
Benchmarking epoch_transfer/value_stack/8p_8c: Warming up for 500.00 ms
Benchmarking epoch_transfer/value_stack/8p_8c: Collecting 20 samples in estimated 1.2723 s (80 iterations)
Benchmarking epoch_transfer/value_stack/8p_8c: Analyzing
epoch_transfer/value_stack/8p_8c
                        time:   [17.489 ms 18.335 ms 19.123 ms]
                        thrpt:  [4.1834 Melem/s 4.3632 Melem/s 4.5744 Melem/s]
Benchmarking epoch_transfer/mutex_vec/8p_8c
Benchmarking epoch_transfer/mutex_vec/8p_8c: Warming up for 500.00 ms
Benchmarking epoch_transfer/mutex_vec/8p_8c: Collecting 20 samples in estimated 1.4898 s (60 iterations)
Benchmarking epoch_transfer/mutex_vec/8p_8c: Analyzing
epoch_transfer/mutex_vec/8p_8c
                        time:   [20.323 ms 21.021 ms 22.039 ms]
                        thrpt:  [3.6299 Melem/s 3.8057 Melem/s 3.9364 Melem/s]
Found 2 outliers among 20 measurements (10.00%)
  1 (5.00%) high mild
  1 (5.00%) high severe

