   Compiling concurrent-sharded-stack v0.4.0 (/workspace/scratch/6b153def8d8f/concurrent-sharded-stack)
    Finished `test` profile [unoptimized + debuginfo] target(s) in 0.05s
     Running unittests src/lib.rs (target/miri/x86_64-unknown-linux-gnu/debug/build/concurrent-sharded-stack/8215191f85e5c9c7/out/concurrent_sharded_stack-8215191f85e5c9c7)

running 18 tests
test tests::close_after_drain_returns_closed ... ok
test tests::close_propagates_per_shard_and_can_have_multiple_winners ... ok
test tests::close_works ... ok
test tests::concurrent_drop_counter_no_double_free ... ok
test tests::empty_scan_is_not_a_global_snapshot ... ok
test tests::multi_thread_push_pop ... ok
test tests::new_panics_if_not_power_of_two - should panic ... ok
test tests::new_requires_power_of_two ... ok
test tests::no_element_loss_after_close_asymmetric ... ok
test tests::no_element_loss_few_threads_many_shards ... ok
test tests::no_element_loss_open_asymmetric ... ignored
test tests::partially_drained_stack_drops_each_value_once ... ok
test tests::payload_panic_still_drops_remaining_nodes_and_shards ... ok
test tests::popped_values_are_dropped_exactly_once ... ok
test tests::push_pop_single_thread ... ok
test tests::remaining_values_are_dropped_when_stack_is_dropped ... ok
test value::tests::block_reuse_waits_for_old_reader_and_cache_is_bounded ... ok
test value::tests::zero_cache_and_overaligned_and_zero_sized_values ... ok

test result: ok. 17 passed; 0 failed; 1 ignored; 0 measured; 0 filtered out; finished in 72.79s

     Running tests/guard.rs (target/miri/x86_64-unknown-linux-gnu/debug/build/concurrent-sharded-stack/609267e53e1211f7/out/guard-609267e53e1211f7)

running 8 tests
test custom_backend_value_stack_preserves_borrowed_and_non_send_payloads ... ok
test guard_can_replace_protection_and_reenter_after_idempotent_unpin ... ok
test hazard_identity_is_untagged_link_not_container_and_other_nodes_progress ... ok
test panicking_callback_releases_link_and_ownership_once ... ok
test reference_hazard_backend_concurrent_transfer_and_reuse ... ok
test retire_token_keeps_custom_domain_alive_and_callbacks_can_reinsert ... ok
test scope_unpins_on_empty_closed_and_protection_panic ... ok
test send_but_not_sync_values_can_cross_threads ... ok

test result: ok. 8 passed; 0 failed; 0 ignored; 0 measured; 0 filtered out; finished in 5.50s

     Running tests/intrusive.rs (target/miri/x86_64-unknown-linux-gnu/debug/build/concurrent-sharded-stack/f9ab298364aa18ab/out/intrusive-f9ab298364aa18ab)

running 12 tests
test box_identity_lifo_and_upstream_transfer_after_grace_period ... ok
test callback_can_reinsert_without_aba_or_lost_nodes ... ok
test concurrent_transfer_delivers_each_id_once ... ok
test destructor_panic_drains_remaining_live_nodes ... ok
test dropped_retired_token_defers_exactly_once ... ok
test duplicate_acquisition_across_collections_has_one_winner ... ok
test flushed_partial_batch_can_be_collected_while_retiring_thread_is_idle ... ok
test old_reader_prevents_delivery_release_and_reinsertion ... ok
test racing_close_preserves_accepted_and_rejected_nodes ... ok
test retired_token_outlives_stack_and_can_move_between_threads ... ok
test thread_exit_flushes_partial_retirement_batch ... ok
test validates_shard_count ... ok

test result: ok. 12 passed; 0 failed; 0 ignored; 0 measured; 0 filtered out; finished in 8.56s

     Running tests/intrusive_custom.rs (target/miri/x86_64-unknown-linux-gnu/debug/build/concurrent-sharded-stack/a71b8942e5802b15/out/intrusive_custom-a71b8942e5802b15)

running 1 test
test custom_link_ops_and_adapter_round_trip ... ok

test result: ok. 1 passed; 0 failed; 0 ignored; 0 measured; 0 filtered out; finished in 0.27s

